Using pre-set license
Built from '2022.3/staging' branch; Version is '2022.3.25f1 (530ae0ba3889) revision 5442272'; Using compiler version '192829333'; Build Type 'Release'
OS: 'Windows 11  (10.0.22631) 64bit Professional' Language: 'es' Physical Memory: 15741 MB
BatchMode: 1, IsHumanControllingUs: 0, StartBugReporterOnCrash: 0, Is64bit: 1, IsPro: 1

COMMAND LINE ARGUMENTS:
C:\Program Files\Unity\Hub\Editor\2022.3.25f1\Editor\Unity.exe
-adb2
-batchMode
-noUpm
-name
AssetImportWorker4
-projectPath
C:/Users/kryst/Documentos/GitHub/TFG/Didascalias/ClassRoomVR
-logFile
Logs/AssetImportWorker4.log
-srvPort
63591
Successfully changed project path to: C:/Users/kryst/Documentos/GitHub/TFG/Didascalias/ClassRoomVR
C:/Users/kryst/Documentos/GitHub/TFG/Didascalias/ClassRoomVR
[UnityMemory] Configuration Parameters - Can be set up in boot.config
    "memorysetup-bucket-allocator-granularity=16"
    "memorysetup-bucket-allocator-bucket-count=8"
    "memorysetup-bucket-allocator-block-size=33554432"
    "memorysetup-bucket-allocator-block-count=8"
    "memorysetup-main-allocator-block-size=16777216"
    "memorysetup-thread-allocator-block-size=16777216"
    "memorysetup-gfx-main-allocator-block-size=16777216"
    "memorysetup-gfx-thread-allocator-block-size=16777216"
    "memorysetup-cache-allocator-block-size=4194304"
    "memorysetup-typetree-allocator-block-size=2097152"
    "memorysetup-profiler-bucket-allocator-granularity=16"
    "memorysetup-profiler-bucket-allocator-bucket-count=8"
    "memorysetup-profiler-bucket-allocator-block-size=33554432"
    "memorysetup-profiler-bucket-allocator-block-count=8"
    "memorysetup-profiler-allocator-block-size=16777216"
    "memorysetup-profiler-editor-allocator-block-size=1048576"
    "memorysetup-temp-allocator-size-main=16777216"
    "memorysetup-job-temp-allocator-block-size=2097152"
    "memorysetup-job-temp-allocator-block-size-background=1048576"
    "memorysetup-job-temp-allocator-reduction-small-platforms=262144"
    "memorysetup-allocator-temp-initial-block-size-main=262144"
    "memorysetup-allocator-temp-initial-block-size-worker=262144"
    "memorysetup-temp-allocator-size-background-worker=32768"
    "memorysetup-temp-allocator-size-job-worker=262144"
    "memorysetup-temp-allocator-size-preload-manager=33554432"
    "memorysetup-temp-allocator-size-nav-mesh-worker=65536"
    "memorysetup-temp-allocator-size-audio-worker=65536"
    "memorysetup-temp-allocator-size-cloud-worker=32768"
    "memorysetup-temp-allocator-size-gi-baking-worker=262144"
    "memorysetup-temp-allocator-size-gfx=262144"
Player connection [11176] Host "[IP] 172.30.64.1 [Port] 0 [Flags] 2 [Guid] 3117704926 [EditorId] 3117704926 [Version] 1048832 [Id] WindowsEditor(7,KRYSTALLAPTOP) [Debug] 1 [PackageName] WindowsEditor [ProjectName] Editor" joined multi-casting on [225.0.0.222:54997]...

Player connection [11176] Host "[IP] 172.30.64.1 [Port] 0 [Flags] 2 [Guid] 3117704926 [EditorId] 3117704926 [Version] 1048832 [Id] WindowsEditor(7,KRYSTALLAPTOP) [Debug] 1 [PackageName] WindowsEditor [ProjectName] Editor" joined alternative multi-casting on [225.0.0.222:34997]...

[Physics::Module] Initialized MultithreadedJobDispatcher with 15 workers.
Refreshing native plugins compatible for Editor in 36.10 ms, found 12 plugins.
Preloading 3 native plugins for Editor in 2.19 ms.
Initialize engine version: 2022.3.25f1 (530ae0ba3889)
[Subsystems] Discovering subsystems at path C:/Program Files/Unity/Hub/Editor/2022.3.25f1/Editor/Data/Resources/UnitySubsystems
[Subsystems] Discovering subsystems at path C:/Users/kryst/Documentos/GitHub/TFG/Didascalias/ClassRoomVR/Assets
GfxDevice: creating device client; threaded=0; jobified=0
Direct3D:
    Version:  Direct3D 11.0 [level 11.1]
    Renderer: NVIDIA GeForce GTX 1650 (ID=0x1f99)
    Vendor:   NVIDIA
    VRAM:     3950 MB
    Driver:   31.0.15.4633
Shader 'Meta/MRUK/Scene/HighlightsAndShadows': fallback shader 'Off' not found
Shader 'Oculus/OVRMRCameraFrameLit': fallback shader 'Alpha-Diffuse' not found
Initialize mono
Mono path[0] = 'C:/Program Files/Unity/Hub/Editor/2022.3.25f1/Editor/Data/Managed'
Mono path[1] = 'C:/Program Files/Unity/Hub/Editor/2022.3.25f1/Editor/Data/MonoBleedingEdge/lib/mono/unityjit-win32'
Mono config path = 'C:/Program Files/Unity/Hub/Editor/2022.3.25f1/Editor/Data/MonoBleedingEdge/etc'
Using monoOptions --debugger-agent=transport=dt_socket,embedding=1,server=y,suspend=n,address=127.0.0.1:56208
Begin MonoManager ReloadAssembly
Registering precompiled unity dll's ...
Register platform support module: C:/Program Files/Unity/Hub/Editor/2022.3.25f1/Editor/Data/PlaybackEngines/WindowsStandaloneSupport/UnityEditor.WindowsStandalone.Extensions.dll
Registered in 0.004556 seconds.
- Loaded All Assemblies, in  0.361 seconds
Native extension for WindowsStandalone target not found
Mono: successfully reloaded assembly
- Finished resetting the current domain, in  0.308 seconds
Domain Reload Profiling: 669ms
	BeginReloadAssembly (109ms)
		ExecutionOrderSort (0ms)
		DisableScriptedObjects (0ms)
		BackupInstance (0ms)
		ReleaseScriptingObjects (0ms)
		CreateAndSetChildDomain (1ms)
	RebuildCommonClasses (37ms)
	RebuildNativeTypeToScriptingClass (12ms)
	initialDomainReloadingComplete (53ms)
	LoadAllAssembliesAndSetupDomain (149ms)
		LoadAssemblies (107ms)
		RebuildTransferFunctionScriptingTraits (0ms)
		AnalyzeDomain (147ms)
			TypeCache.Refresh (146ms)
				TypeCache.ScanAssembly (133ms)
			ScanForSourceGeneratedMonoScriptInfo (0ms)
			ResolveRequiredComponents (0ms)
	FinalizeReload (309ms)
		ReleaseScriptCaches (0ms)
		RebuildScriptCaches (0ms)
		SetupLoadedEditorAssemblies (246ms)
			LogAssemblyErrors (0ms)
			InitializePlatformSupportModulesInManaged (9ms)
			SetLoadedEditorAssemblies (9ms)
			RefreshPlugins (0ms)
			BeforeProcessingInitializeOnLoad (2ms)
			ProcessInitializeOnLoadAttributes (173ms)
			ProcessInitializeOnLoadMethodAttributes (53ms)
			AfterProcessingInitializeOnLoad (0ms)
			EditorAssembliesLoaded (0ms)
		ExecutionOrderSort2 (0ms)
		AwakeInstancesAfterBackupRestoration (0ms)
========================================================================
Worker process is ready to serve import requests
Begin MonoManager ReloadAssembly
Symbol file LoadedFromMemory is not a mono symbol file
- Loaded All Assemblies, in  1.112 seconds
Refreshing native plugins compatible for Editor in 23.10 ms, found 12 plugins.
Native extension for WindowsStandalone target not found
Package Manager log level set to [2]
[Package Manager] Server::EnsureServerProcessIsRunning -- launch failed, reason: Unity was launched with the -noUpm command-line argument
[Package Manager] UpmClient::Send -- Unable to send message (not connected to UPM process).
[Package Manager] Cannot connect to Unity Package Manager local server
[Package Manager] Server::EnsureServerProcessIsRunning -- launch failed, reason: Unity was launched with the -noUpm command-line argument
[Package Manager] UpmClient::Send -- Unable to send message (not connected to UPM process).
[Package Manager] Cannot connect to Unity Package Manager local server
[Package Manager] Server::EnsureServerProcessIsRunning -- launch failed, reason: Unity was launched with the -noUpm command-line argument
[Package Manager] UpmClient::Send -- Unable to send message (not connected to UPM process).
[Package Manager] Cannot connect to Unity Package Manager local server
System.Exception: Error! Visual Scripting: couldn't find visual scripting package
  at Unity.VisualScripting.PackageVersionUtility.get_version () [0x00043] in .\Library\PackageCache\com.unity.visualscripting@1.9.4\Editor\VisualScripting.Core\Utilities\PackageVersionUtility.cs:31 
  at Unity.VisualScripting.BoltCoreManifest.get_version () [0x00000] in .\Library\PackageCache\com.unity.visualscripting@1.9.4\Editor\VisualScripting.Core\Plugin\BoltCoreManifest.cs:11 
  at Unity.VisualScripting.PluginManifest.get_currentVersion () [0x00000] in .\Library\PackageCache\com.unity.visualscripting@1.9.4\Editor\VisualScripting.Core\Plugins\PluginManifest.cs:33 
  at Unity.VisualScripting.PluginManifest.get_versionMismatch () [0x00000] in .\Library\PackageCache\com.unity.visualscripting@1.9.4\Editor\VisualScripting.Core\Plugins\PluginManifest.cs:48 
  at Unity.VisualScripting.PluginContainer.Initialize () [0x00525] in .\Library\PackageCache\com.unity.visualscripting@1.9.4\Editor\VisualScripting.Core\Plugins\PluginContainer.cs:208 
  at Unity.VisualScripting.PluginContainer.InitializeOnLoad () [0x00009] in .\Library\PackageCache\com.unity.visualscripting@1.9.4\Editor\VisualScripting.Core\Plugins\PluginContainer.cs:32 
  at Unity.VisualScripting.VSUsageUtility.DoInitializeOnLoadCalls () [0x00034] in .\Library\PackageCache\com.unity.visualscripting@1.9.4\Editor\VisualScripting.Core\Utilities\VSUsageUtility.cs:76 
  at Unity.VisualScripting.VSUsageUtility.set_isVisualScriptingUsed (System.Boolean value) [0x0002c] in .\Library\PackageCache\com.unity.visualscripting@1.9.4\Editor\VisualScripting.Core\Utilities\VSUsageUtility.cs:114 
  at Unity.VisualScripting.VSUsageUtility.CheckAndSetIsVisualScriptingUsed () [0x00032] in .\Library\PackageCache\com.unity.visualscripting@1.9.4\Editor\VisualScripting.Core\Utilities\VSUsageUtility.cs:48 
  at Unity.VisualScripting.VSUsageUtility..cctor () [0x00000] in .\Library\PackageCache\com.unity.visualscripting@1.9.4\Editor\VisualScripting.Core\Utilities\VSUsageUtility.cs:22 
UnityEngine.StackTraceUtility:ExtractStackTrace ()
UnityEngine.DebugLogHandler:LogFormat (UnityEngine.LogType,UnityEngine.Object,string,object[])
UnityEngine.Logger:Log (UnityEngine.LogType,object)
UnityEngine.Debug:LogError (object)
UnityEditor.EditorAssemblies:ProcessInitializeOnLoadAttributes (System.Type[])

[MODES] ModeService[none].Initialize
[MODES] ModeService[none].LoadModes
[MODES] Loading mode Default (0) for mode-current-id-Classroom
System.Reflection.TargetInvocationException: Exception has been thrown by the target of an invocation. ---> System.NullReferenceException: Object reference not set to an instance of an object
  at Unity.XR.Oculus.OculusLoader.AssetPathToAbsolutePath (System.String assetPath) [0x00040] in .\Library\PackageCache\com.unity.xr.oculus@4.2.0\Runtime\OculusLoader.cs:298 
  at Unity.XR.Oculus.OculusLoader.EditorLoadOVRPlugin () [0x0008c] in .\Library\PackageCache\com.unity.xr.oculus@4.2.0\Runtime\OculusLoader.cs:283 
  at (wrapper managed-to-native) System.Reflection.RuntimeMethodInfo.InternalInvoke(System.Reflection.RuntimeMethodInfo,object,object[],System.Exception&)
  at System.Reflection.RuntimeMethodInfo.Invoke (System.Object obj, System.Reflection.BindingFlags invokeAttr, System.Reflection.Binder binder, System.Object[] parameters, System.Globalization.CultureInfo culture) [0x0006a] in <b11ba2a8fbf24f219f7cc98532a11304>:0 
   --- End of inner exception stack trace ---
  at System.Reflection.RuntimeMethodInfo.Invoke (System.Object obj, System.Reflection.BindingFlags invokeAttr, System.Reflection.Binder binder, System.Object[] parameters, System.Globalization.CultureInfo culture) [0x00083] in <b11ba2a8fbf24f219f7cc98532a11304>:0 
  at System.Reflection.MethodBase.Invoke (System.Object obj, System.Object[] parameters) [0x00000] in <b11ba2a8fbf24f219f7cc98532a11304>:0 
  at UnityEditor.EditorAssemblies.ProcessInitializeOnLoadMethodAttributes () [0x000a5] in <477bdcb097d4488eae58cbed17286dd8>:0 
UnityEngine.StackTraceUtility:ExtractStackTrace ()
UnityEngine.DebugLogHandler:LogFormat (UnityEngine.LogType,UnityEngine.Object,string,object[])
UnityEngine.Logger:Log (UnityEngine.LogType,object)
UnityEngine.Debug:LogError (object)
UnityEditor.EditorAssemblies:ProcessInitializeOnLoadMethodAttributes ()

Mono: successfully reloaded assembly
[Package Manager] Server::EnsureServerProcessIsRunning -- launch failed, reason: Unity was launched with the -noUpm command-line argument
[Package Manager] UpmClient::Send -- Unable to send message (not connected to UPM process).
[Package Manager] Cannot connect to Unity Package Manager local server
[Package Manager] Server::EnsureServerProcessIsRunning -- launch failed, reason: Unity was launched with the -noUpm command-line argument
[Package Manager] UpmClient::Send -- Unable to send message (not connected to UPM process).
[Package Manager] Cannot connect to Unity Package Manager local server
- Finished resetting the current domain, in  5.365 seconds
Domain Reload Profiling: 6474ms
	BeginReloadAssembly (142ms)
		ExecutionOrderSort (0ms)
		DisableScriptedObjects (6ms)
		BackupInstance (0ms)
		ReleaseScriptingObjects (0ms)
		CreateAndSetChildDomain (25ms)
	RebuildCommonClasses (34ms)
	RebuildNativeTypeToScriptingClass (11ms)
	initialDomainReloadingComplete (33ms)
	LoadAllAssembliesAndSetupDomain (888ms)
		LoadAssemblies (480ms)
		RebuildTransferFunctionScriptingTraits (0ms)
		AnalyzeDomain (483ms)
			TypeCache.Refresh (383ms)
				TypeCache.ScanAssembly (350ms)
			ScanForSourceGeneratedMonoScriptInfo (65ms)
			ResolveRequiredComponents (32ms)
	FinalizeReload (5366ms)
		ReleaseScriptCaches (0ms)
		RebuildScriptCaches (0ms)
		SetupLoadedEditorAssemblies (5075ms)
			LogAssemblyErrors (0ms)
			InitializePlatformSupportModulesInManaged (6ms)
			SetLoadedEditorAssemblies (5ms)
			RefreshPlugins (0ms)
			BeforeProcessingInitializeOnLoad (147ms)
			ProcessInitializeOnLoadAttributes (4808ms)
			ProcessInitializeOnLoadMethodAttributes (103ms)
			AfterProcessingInitializeOnLoad (5ms)
			EditorAssembliesLoaded (0ms)
		ExecutionOrderSort2 (0ms)
		AwakeInstancesAfterBackupRestoration (5ms)
Shader 'Oculus/OVRMRCameraFrameLit': fallback shader 'Alpha-Diffuse' not found
Shader 'Meta/MRUK/Scene/HighlightsAndShadows': fallback shader 'Off' not found
Launched and connected shader compiler UnityShaderCompiler.exe after 0.06 seconds
Refreshing native plugins compatible for Editor in 21.40 ms, found 12 plugins.
Preloading 3 native plugins for Editor in 0.13 ms.
Unloading 9871 Unused Serialized files (Serialized files now loaded: 0)
Unloading 211 unused Assets / (0.5 MB). Loaded Objects now: 10244.
Memory consumption went from 356.3 MB to 355.8 MB.
Total: 22.842300 ms (FindLiveObjects: 1.109300 ms CreateObjectMapping: 0.770200 ms MarkObjects: 20.257000 ms  DeleteObjects: 0.703600 ms)

AssetImportParameters requested are different than current active one (requested -> active):
  custom:container-demuxer-ogg: 62fdf1f143b41e24485cea50d1cbac27 -> 
  custom:framework-win-MediaFoundation: 216162199b28c13a410421893ffa2e32 -> 
  custom:container-muxer-webm: aa71ff27fc2769a1b78a27578f13a17b -> 
  custom:video-decoder-webm-vp8: 9c59270c3fd7afecdb556c50c9e8de78 -> 
  custom:SearchIndexIgnoredProperties: e643bd26f0fe6173181afceb89e7c659 -> 
  custom:AudioImporter_EditorPlatform: d09bf68614088b80899f8185d706f6e7 -> 
  custom:audio-decoder-ogg-vorbis: bf7c407c2cedff20999df2af8eb42d56 -> 
  custom:audio-encoder-webm-vorbis: bf7c407c2cedff20999df2af8eb42d56 -> 
  custom:video-decoder-ogg-theora: a1e56fd34408186e4bbccfd4996cb3dc -> 
  custom:CustomObjectIndexerAttribute: 72b91833f83ae208fae7752999fa3104 -> 
  custom:container-demuxer-webm: 4f35f7cbe854078d1ac9338744f61a02 -> 
  custom:video-encoder-webm-vp8: eb34c28f22e8b96e1ab97ce403110664 -> 
========================================================================
Received Import Request.
  Time since last request: 764602.728065 seconds.
  path: Assets/Resources/Students/Ninho/Student/SK_StudentParent.prefab
  artifactKey: Guid(7033d88907c272a46a59fc4324280637) Importer(815301076,1909f56bfc062723c751e8b465ee728b)
Start importing Assets/Resources/Students/Ninho/Student/SK_StudentParent.prefab using Guid(7033d88907c272a46a59fc4324280637) Importer(815301076,1909f56bfc062723c751e8b465ee728b)  -> (artifact id: 'fa7ce7d8beb8483c32fe33961008973f') in 0.875942 seconds
Number of updated asset objects reloaded before import = 0
Number of asset objects unloaded after import = 1399
========================================================================
Received Import Request.
  Time since last request: 10.374507 seconds.
  path: Assets/Resources/Mochilas/Materials/T_Mochilas00_default_AO.png
  artifactKey: Guid(277b1aef750f16545b576f0dd5c4b964) Importer(815301076,1909f56bfc062723c751e8b465ee728b)
Start importing Assets/Resources/Mochilas/Materials/T_Mochilas00_default_AO.png using Guid(277b1aef750f16545b576f0dd5c4b964) Importer(815301076,1909f56bfc062723c751e8b465ee728b)  -> (artifact id: '073dd658c6c44157e56d2e3e8585e48c') in 0.026292 seconds
Number of updated asset objects reloaded before import = 0
Number of asset objects unloaded after import = 2
========================================================================
Received Import Request.
  Time since last request: 0.000032 seconds.
  path: Assets/Resources/Mochilas/Materials/T_Mochilas00_default_Normal.png
  artifactKey: Guid(fa55499e082502e428a23d3f4ce04f9f) Importer(815301076,1909f56bfc062723c751e8b465ee728b)
Start importing Assets/Resources/Mochilas/Materials/T_Mochilas00_default_Normal.png using Guid(fa55499e082502e428a23d3f4ce04f9f) Importer(815301076,1909f56bfc062723c751e8b465ee728b)  -> (artifact id: '31dbc7eb892ada78fe0d3ebdabdcc8bb') in 0.023704 seconds
Number of updated asset objects reloaded before import = 0
Number of asset objects unloaded after import = 2
========================================================================
Received Import Request.
  Time since last request: 0.000049 seconds.
  path: Assets/Resources/Students/Ninho/Student/Cloth/ClothTextures/T_PantalonLargo_AO.png
  artifactKey: Guid(280cd105e86250c4898b057b43fea5b8) Importer(815301076,1909f56bfc062723c751e8b465ee728b)
Start importing Assets/Resources/Students/Ninho/Student/Cloth/ClothTextures/T_PantalonLargo_AO.png using Guid(280cd105e86250c4898b057b43fea5b8) Importer(815301076,1909f56bfc062723c751e8b465ee728b)  -> (artifact id: 'd25ecd7b77e1a05f6f1c8a59a5d6b07a') in 0.010643 seconds
Number of updated asset objects reloaded before import = 0
Number of asset objects unloaded after import = 2
========================================================================
Received Import Request.
  Time since last request: 0.000041 seconds.
  path: Assets/Resources/Mochilas/Materials/T_Mochilas00_default_Roughness.png
  artifactKey: Guid(7d701f0be065b654d9aa34c88e848d8b) Importer(815301076,1909f56bfc062723c751e8b465ee728b)
Start importing Assets/Resources/Mochilas/Materials/T_Mochilas00_default_Roughness.png using Guid(7d701f0be065b654d9aa34c88e848d8b) Importer(815301076,1909f56bfc062723c751e8b465ee728b)  -> (artifact id: '08db85af374dca7c19d4cc80f7a44713') in 0.012449 seconds
Number of updated asset objects reloaded before import = 0
Number of asset objects unloaded after import = 2
========================================================================
Received Import Request.
  Time since last request: 0.000032 seconds.
  path: Assets/Resources/Students/Ninho/Student/Cloth/ClothTextures/T_PantalonLargo_Roughness.png
  artifactKey: Guid(f6d98fbd5e221b84ab369fc9473bb423) Importer(815301076,1909f56bfc062723c751e8b465ee728b)
Start importing Assets/Resources/Students/Ninho/Student/Cloth/ClothTextures/T_PantalonLargo_Roughness.png using Guid(f6d98fbd5e221b84ab369fc9473bb423) Importer(815301076,1909f56bfc062723c751e8b465ee728b)  -> (artifact id: '02c7ed39cb8d9421f8264f46aedc524c') in 0.009999 seconds
Number of updated asset objects reloaded before import = 0
Number of asset objects unloaded after import = 2
========================================================================
Received Import Request.
  Time since last request: 0.000021 seconds.
  path: Assets/Resources/Students/Ninho/Student/Cloth/ClothTextures/T_PantalonCorto_AO.png
  artifactKey: Guid(71c8e9db1109e374e8b7855a08ad11cb) Importer(815301076,1909f56bfc062723c751e8b465ee728b)
Start importing Assets/Resources/Students/Ninho/Student/Cloth/ClothTextures/T_PantalonCorto_AO.png using Guid(71c8e9db1109e374e8b7855a08ad11cb) Importer(815301076,1909f56bfc062723c751e8b465ee728b)  -> (artifact id: 'f1046a9648eed0cb213e1a4bc77c7b6a') in 0.010100 seconds
Number of updated asset objects reloaded before import = 0
Number of asset objects unloaded after import = 2
========================================================================
Received Import Request.
  Time since last request: 0.000070 seconds.
  path: Assets/Resources/Students/Ninho/Student/Cloth/ClothTextures/T_PantalonCorto_Rough.png
  artifactKey: Guid(45acebe247375bd458ca201ba12b0db6) Importer(815301076,1909f56bfc062723c751e8b465ee728b)
Start importing Assets/Resources/Students/Ninho/Student/Cloth/ClothTextures/T_PantalonCorto_Rough.png using Guid(45acebe247375bd458ca201ba12b0db6) Importer(815301076,1909f56bfc062723c751e8b465ee728b)  -> (artifact id: '97e4d3c64422a8cf2efed862b2db2ddc') in 0.010137 seconds
Number of updated asset objects reloaded before import = 0
Number of asset objects unloaded after import = 2
========================================================================
Received Import Request.
  Time since last request: 1.435314 seconds.
  path: Assets/XRI_Examples/Scenes/XRI_Examples_Main/Lightmap-17_comp_light.exr
  artifactKey: Guid(6b91554362afa894b9bf1789fd0f1ed3) Importer(815301076,1909f56bfc062723c751e8b465ee728b)
Start importing Assets/XRI_Examples/Scenes/XRI_Examples_Main/Lightmap-17_comp_light.exr using Guid(6b91554362afa894b9bf1789fd0f1ed3) Importer(815301076,1909f56bfc062723c751e8b465ee728b)  -> (artifact id: 'a1d5e8ff5116fc72cdac33aa68b4d7b7') in 0.018784 seconds
Number of updated asset objects reloaded before import = 0
Number of asset objects unloaded after import = 2
========================================================================
Received Import Request.
  Time since last request: 0.000027 seconds.
  path: Assets/XRI_Examples/Scenes/XRI_Examples_Main/Lightmap-24_comp_dir.png
  artifactKey: Guid(a73844cc9302e724b9a6e551d222c55c) Importer(815301076,1909f56bfc062723c751e8b465ee728b)
Start importing Assets/XRI_Examples/Scenes/XRI_Examples_Main/Lightmap-24_comp_dir.png using Guid(a73844cc9302e724b9a6e551d222c55c) Importer(815301076,1909f56bfc062723c751e8b465ee728b)  -> (artifact id: 'd6e0da2d3c9536e40d1ae04702239570') in 0.013349 seconds
Number of updated asset objects reloaded before import = 0
Number of asset objects unloaded after import = 2
========================================================================
Received Import Request.
  Time since last request: 0.000031 seconds.
  path: Assets/XRI_Examples/Scenes/XRI_Examples_Main/Lightmap-22_comp_light.exr
  artifactKey: Guid(37d51bf0bc2969e4982408a998ad68aa) Importer(815301076,1909f56bfc062723c751e8b465ee728b)
Start importing Assets/XRI_Examples/Scenes/XRI_Examples_Main/Lightmap-22_comp_light.exr using Guid(37d51bf0bc2969e4982408a998ad68aa) Importer(815301076,1909f56bfc062723c751e8b465ee728b)  -> (artifact id: '61fb12c4f436f65a1d4662f51ef476f2') in 0.014717 seconds
Number of updated asset objects reloaded before import = 0
Number of asset objects unloaded after import = 2
========================================================================
Received Import Request.
  Time since last request: 0.000025 seconds.
  path: Assets/XRI_Examples/Scenes/XRI_Examples_Main/Lightmap-22_comp_dir.png
  artifactKey: Guid(1183975889b472a46b1fe3ce4f62a1ac) Importer(815301076,1909f56bfc062723c751e8b465ee728b)
Start importing Assets/XRI_Examples/Scenes/XRI_Examples_Main/Lightmap-22_comp_dir.png using Guid(1183975889b472a46b1fe3ce4f62a1ac) Importer(815301076,1909f56bfc062723c751e8b465ee728b)  -> (artifact id: 'f01d6c005952f37381ff0217a4b5b977') in 0.014243 seconds
Number of updated asset objects reloaded before import = 0
Number of asset objects unloaded after import = 2
========================================================================
Received Import Request.
  Time since last request: 0.000054 seconds.
  path: Assets/Resources/Students/Ninho/Student/Complements/Complementos/Collar/Complementos_Collares_Roughness.png
  artifactKey: Guid(f30865a1be4296f4eac6f64f6eecb7bf) Importer(815301076,1909f56bfc062723c751e8b465ee728b)
Start importing Assets/Resources/Students/Ninho/Student/Complements/Complementos/Collar/Complementos_Collares_Roughness.png using Guid(f30865a1be4296f4eac6f64f6eecb7bf) Importer(815301076,1909f56bfc062723c751e8b465ee728b)  -> (artifact id: 'e100e37dd24a07286280c1e4ca3d3cc8') in 0.015636 seconds
Number of updated asset objects reloaded before import = 0
Number of asset objects unloaded after import = 2
========================================================================
Received Import Request.
  Time since last request: 0.000028 seconds.
  path: Assets/Resources/Students/Ninho/Student/Complements/Complementos/Gorro/Complementos_Gorro_Azul__Normal.png
  artifactKey: Guid(442d2a86c480b584bad8cda615b3626a) Importer(815301076,1909f56bfc062723c751e8b465ee728b)
Start importing Assets/Resources/Students/Ninho/Student/Complements/Complementos/Gorro/Complementos_Gorro_Azul__Normal.png using Guid(442d2a86c480b584bad8cda615b3626a) Importer(815301076,1909f56bfc062723c751e8b465ee728b)  -> (artifact id: 'aae31a8aa4543fe5c35bd93caea0cbbf') in 0.013744 seconds
Number of updated asset objects reloaded before import = 0
Number of asset objects unloaded after import = 2
========================================================================
Received Import Request.
  Time since last request: 0.000035 seconds.
  path: Assets/Resources/Students/Ninho/Student/Complements/Complementos/Collar/Complementos_Collares_Height.png
  artifactKey: Guid(62acccbc009bf274888a83eadad865a2) Importer(815301076,1909f56bfc062723c751e8b465ee728b)
Start importing Assets/Resources/Students/Ninho/Student/Complements/Complementos/Collar/Complementos_Collares_Height.png using Guid(62acccbc009bf274888a83eadad865a2) Importer(815301076,1909f56bfc062723c751e8b465ee728b)  -> (artifact id: 'a60b614427fd0584f2a4b60b114fedbb') in 0.013463 seconds
Number of updated asset objects reloaded before import = 0
Number of asset objects unloaded after import = 2
========================================================================
Received Import Request.
  Time since last request: 0.000039 seconds.
  path: Assets/Resources/Students/Ninho/Student/Complements/Complementos/Gorra/Complementos_Gorra_Rojo_Height.png
  artifactKey: Guid(e625623f6c2dd074ab4388bbaa4a14b6) Importer(815301076,1909f56bfc062723c751e8b465ee728b)
Start importing Assets/Resources/Students/Ninho/Student/Complements/Complementos/Gorra/Complementos_Gorra_Rojo_Height.png using Guid(e625623f6c2dd074ab4388bbaa4a14b6) Importer(815301076,1909f56bfc062723c751e8b465ee728b)  -> (artifact id: '6ea9afa2e3145609b746be9e4903c9fa') in 0.015065 seconds
Number of updated asset objects reloaded before import = 0
Number of asset objects unloaded after import = 2
========================================================================
Received Import Request.
  Time since last request: 0.000034 seconds.
  path: Assets/XRI_Examples/Scenes/XRI_Examples_Main/Lightmap-19_comp_light.exr
  artifactKey: Guid(74b0e0bacce96e44aa526954e1502849) Importer(815301076,1909f56bfc062723c751e8b465ee728b)
Start importing Assets/XRI_Examples/Scenes/XRI_Examples_Main/Lightmap-19_comp_light.exr using Guid(74b0e0bacce96e44aa526954e1502849) Importer(815301076,1909f56bfc062723c751e8b465ee728b)  -> (artifact id: 'c8005ffc171cd962ffe5453df925ef49') in 0.015902 seconds
Number of updated asset objects reloaded before import = 0
Number of asset objects unloaded after import = 2
========================================================================
Received Import Request.
  Time since last request: 0.000037 seconds.
  path: Assets/Resources/Students/Ninho/Student/Complements/Complementos/Gorra/Complementos_Gorra_Rojo_Metallic.png
  artifactKey: Guid(3a0eb36bc633c2a40bb9cf4d4f9ecfa0) Importer(815301076,1909f56bfc062723c751e8b465ee728b)
Start importing Assets/Resources/Students/Ninho/Student/Complements/Complementos/Gorra/Complementos_Gorra_Rojo_Metallic.png using Guid(3a0eb36bc633c2a40bb9cf4d4f9ecfa0) Importer(815301076,1909f56bfc062723c751e8b465ee728b)  -> (artifact id: 'f7b991d92a85117138a51c6f22ccc5db') in 0.014147 seconds
Number of updated asset objects reloaded before import = 0
Number of asset objects unloaded after import = 2
========================================================================
Received Import Request.
  Time since last request: 0.000026 seconds.
  path: Assets/XRI_Examples/Scenes/XRI_Examples_Main/Lightmap-20_comp_light.exr
  artifactKey: Guid(9ea372c52e5f06b4ab8dea8e6a8c8e95) Importer(815301076,1909f56bfc062723c751e8b465ee728b)
Start importing Assets/XRI_Examples/Scenes/XRI_Examples_Main/Lightmap-20_comp_light.exr using Guid(9ea372c52e5f06b4ab8dea8e6a8c8e95) Importer(815301076,1909f56bfc062723c751e8b465ee728b)  -> (artifact id: 'b6235461f507e11b86c444c4ffeeab84') in 0.013594 seconds
Number of updated asset objects reloaded before import = 0
Number of asset objects unloaded after import = 2
========================================================================
Received Import Request.
  Time since last request: 0.000053 seconds.
  path: Assets/XRI_Examples/Scenes/XRI_Examples_Main/Lightmap-21_comp_dir.png
  artifactKey: Guid(ced61940814e49141b8205036e6879b6) Importer(815301076,1909f56bfc062723c751e8b465ee728b)
Start importing Assets/XRI_Examples/Scenes/XRI_Examples_Main/Lightmap-21_comp_dir.png using Guid(ced61940814e49141b8205036e6879b6) Importer(815301076,1909f56bfc062723c751e8b465ee728b)  -> (artifact id: 'e15c0ab864e78880ffb4684962412ac8') in 0.013878 seconds
Number of updated asset objects reloaded before import = 0
Number of asset objects unloaded after import = 2
========================================================================
Received Import Request.
  Time since last request: 0.000039 seconds.
  path: Assets/Resources/Students/Ninho/Student/Complements/Complementos/Gorra/Complementos_Gorra_Rojo_Normal.png
  artifactKey: Guid(c10196d990900a74c910f54fd9630328) Importer(815301076,1909f56bfc062723c751e8b465ee728b)
Start importing Assets/Resources/Students/Ninho/Student/Complements/Complementos/Gorra/Complementos_Gorra_Rojo_Normal.png using Guid(c10196d990900a74c910f54fd9630328) Importer(815301076,1909f56bfc062723c751e8b465ee728b)  -> (artifact id: '3c3c9f9e34940b3c0e6d106d0757f0b5') in 0.016832 seconds
Number of updated asset objects reloaded before import = 0
Number of asset objects unloaded after import = 2
