Using pre-set license
Built from '2022.3/staging' branch; Version is '2022.3.25f1 (530ae0ba3889) revision 5442272'; Using compiler version '192829333'; Build Type 'Release'
OS: 'Windows 11  (10.0.22631) 64bit Professional' Language: 'es' Physical Memory: 15741 MB
BatchMode: 1, IsHumanControllingUs: 0, StartBugReporterOnCrash: 0, Is64bit: 1, IsPro: 1

COMMAND LINE ARGUMENTS:
C:\Program Files\Unity\Hub\Editor\2022.3.25f1\Editor\Unity.exe
-adb2
-batchMode
-noUpm
-name
AssetImportWorker2
-projectPath
C:/Users/kryst/Documentos/GitHub/TFG/Didascalias/ClassRoomVR
-logFile
Logs/AssetImportWorker2.log
-srvPort
55463
Successfully changed project path to: C:/Users/kryst/Documentos/GitHub/TFG/Didascalias/ClassRoomVR
C:/Users/kryst/Documentos/GitHub/TFG/Didascalias/ClassRoomVR
[UnityMemory] Configuration Parameters - Can be set up in boot.config
    "memorysetup-bucket-allocator-granularity=16"
    "memorysetup-bucket-allocator-bucket-count=8"
    "memorysetup-bucket-allocator-block-size=33554432"
    "memorysetup-bucket-allocator-block-count=8"
    "memorysetup-main-allocator-block-size=16777216"
    "memorysetup-thread-allocator-block-size=16777216"
    "memorysetup-gfx-main-allocator-block-size=16777216"
    "memorysetup-gfx-thread-allocator-block-size=16777216"
    "memorysetup-cache-allocator-block-size=4194304"
    "memorysetup-typetree-allocator-block-size=2097152"
    "memorysetup-profiler-bucket-allocator-granularity=16"
    "memorysetup-profiler-bucket-allocator-bucket-count=8"
    "memorysetup-profiler-bucket-allocator-block-size=33554432"
    "memorysetup-profiler-bucket-allocator-block-count=8"
    "memorysetup-profiler-allocator-block-size=16777216"
    "memorysetup-profiler-editor-allocator-block-size=1048576"
    "memorysetup-temp-allocator-size-main=16777216"
    "memorysetup-job-temp-allocator-block-size=2097152"
    "memorysetup-job-temp-allocator-block-size-background=1048576"
    "memorysetup-job-temp-allocator-reduction-small-platforms=262144"
    "memorysetup-allocator-temp-initial-block-size-main=262144"
    "memorysetup-allocator-temp-initial-block-size-worker=262144"
    "memorysetup-temp-allocator-size-background-worker=32768"
    "memorysetup-temp-allocator-size-job-worker=262144"
    "memorysetup-temp-allocator-size-preload-manager=33554432"
    "memorysetup-temp-allocator-size-nav-mesh-worker=65536"
    "memorysetup-temp-allocator-size-audio-worker=65536"
    "memorysetup-temp-allocator-size-cloud-worker=32768"
    "memorysetup-temp-allocator-size-gi-baking-worker=262144"
    "memorysetup-temp-allocator-size-gfx=262144"
Player connection [13832] Host "[IP] 172.30.64.1 [Port] 0 [Flags] 2 [Guid] 344838107 [EditorId] 344838107 [Version] 1048832 [Id] WindowsEditor(7,KRYSTALLAPTOP) [Debug] 1 [PackageName] WindowsEditor [ProjectName] Editor" joined multi-casting on [225.0.0.222:54997]...

Player connection [13832] Host "[IP] 172.30.64.1 [Port] 0 [Flags] 2 [Guid] 344838107 [EditorId] 344838107 [Version] 1048832 [Id] WindowsEditor(7,KRYSTALLAPTOP) [Debug] 1 [PackageName] WindowsEditor [ProjectName] Editor" joined alternative multi-casting on [225.0.0.222:34997]...

[Physics::Module] Initialized MultithreadedJobDispatcher with 15 workers.
Refreshing native plugins compatible for Editor in 104.24 ms, found 12 plugins.
Preloading 3 native plugins for Editor in 23.00 ms.
Initialize engine version: 2022.3.25f1 (530ae0ba3889)
[Subsystems] Discovering subsystems at path C:/Program Files/Unity/Hub/Editor/2022.3.25f1/Editor/Data/Resources/UnitySubsystems
[Subsystems] Discovering subsystems at path C:/Users/kryst/Documentos/GitHub/TFG/Didascalias/ClassRoomVR/Assets
GfxDevice: creating device client; threaded=0; jobified=0
Direct3D:
    Version:  Direct3D 11.0 [level 11.1]
    Renderer: NVIDIA GeForce GTX 1650 (ID=0x1f99)
    Vendor:   NVIDIA
    VRAM:     3950 MB
    Driver:   31.0.15.4633
Shader 'Meta/MRUK/Scene/HighlightsAndShadows': fallback shader 'Off' not found
Shader 'Oculus/OVRMRCameraFrameLit': fallback shader 'Alpha-Diffuse' not found
Initialize mono
Mono path[0] = 'C:/Program Files/Unity/Hub/Editor/2022.3.25f1/Editor/Data/Managed'
Mono path[1] = 'C:/Program Files/Unity/Hub/Editor/2022.3.25f1/Editor/Data/MonoBleedingEdge/lib/mono/unityjit-win32'
Mono config path = 'C:/Program Files/Unity/Hub/Editor/2022.3.25f1/Editor/Data/MonoBleedingEdge/etc'
Using monoOptions --debugger-agent=transport=dt_socket,embedding=1,server=y,suspend=n,address=127.0.0.1:56108
Begin MonoManager ReloadAssembly
Registering precompiled unity dll's ...
Register platform support module: C:/Program Files/Unity/Hub/Editor/2022.3.25f1/Editor/Data/PlaybackEngines/WindowsStandaloneSupport/UnityEditor.WindowsStandalone.Extensions.dll
Registered in 0.007285 seconds.
- Loaded All Assemblies, in  0.390 seconds
Native extension for WindowsStandalone target not found
Mono: successfully reloaded assembly
- Finished resetting the current domain, in  0.297 seconds
Domain Reload Profiling: 686ms
	BeginReloadAssembly (133ms)
		ExecutionOrderSort (0ms)
		DisableScriptedObjects (0ms)
		BackupInstance (0ms)
		ReleaseScriptingObjects (0ms)
		CreateAndSetChildDomain (1ms)
	RebuildCommonClasses (36ms)
	RebuildNativeTypeToScriptingClass (11ms)
	initialDomainReloadingComplete (58ms)
	LoadAllAssembliesAndSetupDomain (151ms)
		LoadAssemblies (131ms)
		RebuildTransferFunctionScriptingTraits (0ms)
		AnalyzeDomain (149ms)
			TypeCache.Refresh (147ms)
				TypeCache.ScanAssembly (134ms)
			ScanForSourceGeneratedMonoScriptInfo (0ms)
			ResolveRequiredComponents (1ms)
	FinalizeReload (298ms)
		ReleaseScriptCaches (0ms)
		RebuildScriptCaches (0ms)
		SetupLoadedEditorAssemblies (233ms)
			LogAssemblyErrors (0ms)
			InitializePlatformSupportModulesInManaged (9ms)
			SetLoadedEditorAssemblies (7ms)
			RefreshPlugins (0ms)
			BeforeProcessingInitializeOnLoad (2ms)
			ProcessInitializeOnLoadAttributes (151ms)
			ProcessInitializeOnLoadMethodAttributes (64ms)
			AfterProcessingInitializeOnLoad (0ms)
			EditorAssembliesLoaded (0ms)
		ExecutionOrderSort2 (0ms)
		AwakeInstancesAfterBackupRestoration (0ms)
========================================================================
Worker process is ready to serve import requests
Begin MonoManager ReloadAssembly
Symbol file LoadedFromMemory is not a mono symbol file
- Loaded All Assemblies, in  1.266 seconds
Refreshing native plugins compatible for Editor in 44.54 ms, found 12 plugins.
Native extension for WindowsStandalone target not found
Package Manager log level set to [2]
[Package Manager] Server::EnsureServerProcessIsRunning -- launch failed, reason: Unity was launched with the -noUpm command-line argument
[Package Manager] UpmClient::Send -- Unable to send message (not connected to UPM process).
[Package Manager] Cannot connect to Unity Package Manager local server
[Package Manager] Server::EnsureServerProcessIsRunning -- launch failed, reason: Unity was launched with the -noUpm command-line argument
[Package Manager] UpmClient::Send -- Unable to send message (not connected to UPM process).
[Package Manager] Cannot connect to Unity Package Manager local server
[Package Manager] Server::EnsureServerProcessIsRunning -- launch failed, reason: Unity was launched with the -noUpm command-line argument
[Package Manager] UpmClient::Send -- Unable to send message (not connected to UPM process).
[Package Manager] Cannot connect to Unity Package Manager local server
System.Exception: Error! Visual Scripting: couldn't find visual scripting package
  at Unity.VisualScripting.PackageVersionUtility.get_version () [0x00043] in .\Library\PackageCache\com.unity.visualscripting@1.9.4\Editor\VisualScripting.Core\Utilities\PackageVersionUtility.cs:31 
  at Unity.VisualScripting.BoltCoreManifest.get_version () [0x00000] in .\Library\PackageCache\com.unity.visualscripting@1.9.4\Editor\VisualScripting.Core\Plugin\BoltCoreManifest.cs:11 
  at Unity.VisualScripting.PluginManifest.get_currentVersion () [0x00000] in .\Library\PackageCache\com.unity.visualscripting@1.9.4\Editor\VisualScripting.Core\Plugins\PluginManifest.cs:33 
  at Unity.VisualScripting.PluginManifest.get_versionMismatch () [0x00000] in .\Library\PackageCache\com.unity.visualscripting@1.9.4\Editor\VisualScripting.Core\Plugins\PluginManifest.cs:48 
  at Unity.VisualScripting.PluginContainer.Initialize () [0x00525] in .\Library\PackageCache\com.unity.visualscripting@1.9.4\Editor\VisualScripting.Core\Plugins\PluginContainer.cs:208 
  at Unity.VisualScripting.PluginContainer.InitializeOnLoad () [0x00009] in .\Library\PackageCache\com.unity.visualscripting@1.9.4\Editor\VisualScripting.Core\Plugins\PluginContainer.cs:32 
  at Unity.VisualScripting.VSUsageUtility.DoInitializeOnLoadCalls () [0x00034] in .\Library\PackageCache\com.unity.visualscripting@1.9.4\Editor\VisualScripting.Core\Utilities\VSUsageUtility.cs:76 
  at Unity.VisualScripting.VSUsageUtility.set_isVisualScriptingUsed (System.Boolean value) [0x0002c] in .\Library\PackageCache\com.unity.visualscripting@1.9.4\Editor\VisualScripting.Core\Utilities\VSUsageUtility.cs:114 
  at Unity.VisualScripting.VSUsageUtility.CheckAndSetIsVisualScriptingUsed () [0x00032] in .\Library\PackageCache\com.unity.visualscripting@1.9.4\Editor\VisualScripting.Core\Utilities\VSUsageUtility.cs:48 
  at Unity.VisualScripting.VSUsageUtility..cctor () [0x00000] in .\Library\PackageCache\com.unity.visualscripting@1.9.4\Editor\VisualScripting.Core\Utilities\VSUsageUtility.cs:22 
UnityEngine.StackTraceUtility:ExtractStackTrace ()
UnityEngine.DebugLogHandler:LogFormat (UnityEngine.LogType,UnityEngine.Object,string,object[])
UnityEngine.Logger:Log (UnityEngine.LogType,object)
UnityEngine.Debug:LogError (object)
UnityEditor.EditorAssemblies:ProcessInitializeOnLoadAttributes (System.Type[])

[MODES] ModeService[none].Initialize
[MODES] ModeService[none].LoadModes
[MODES] Loading mode Default (0) for mode-current-id-Classroom
System.Reflection.TargetInvocationException: Exception has been thrown by the target of an invocation. ---> System.NullReferenceException: Object reference not set to an instance of an object
  at Unity.XR.Oculus.OculusLoader.AssetPathToAbsolutePath (System.String assetPath) [0x00040] in .\Library\PackageCache\com.unity.xr.oculus@4.2.0\Runtime\OculusLoader.cs:298 
  at Unity.XR.Oculus.OculusLoader.EditorLoadOVRPlugin () [0x0008c] in .\Library\PackageCache\com.unity.xr.oculus@4.2.0\Runtime\OculusLoader.cs:283 
  at (wrapper managed-to-native) System.Reflection.RuntimeMethodInfo.InternalInvoke(System.Reflection.RuntimeMethodInfo,object,object[],System.Exception&)
  at System.Reflection.RuntimeMethodInfo.Invoke (System.Object obj, System.Reflection.BindingFlags invokeAttr, System.Reflection.Binder binder, System.Object[] parameters, System.Globalization.CultureInfo culture) [0x0006a] in <b11ba2a8fbf24f219f7cc98532a11304>:0 
   --- End of inner exception stack trace ---
  at System.Reflection.RuntimeMethodInfo.Invoke (System.Object obj, System.Reflection.BindingFlags invokeAttr, System.Reflection.Binder binder, System.Object[] parameters, System.Globalization.CultureInfo culture) [0x00083] in <b11ba2a8fbf24f219f7cc98532a11304>:0 
  at System.Reflection.MethodBase.Invoke (System.Object obj, System.Object[] parameters) [0x00000] in <b11ba2a8fbf24f219f7cc98532a11304>:0 
  at UnityEditor.EditorAssemblies.ProcessInitializeOnLoadMethodAttributes () [0x000a5] in <477bdcb097d4488eae58cbed17286dd8>:0 
UnityEngine.StackTraceUtility:ExtractStackTrace ()
UnityEngine.DebugLogHandler:LogFormat (UnityEngine.LogType,UnityEngine.Object,string,object[])
UnityEngine.Logger:Log (UnityEngine.LogType,object)
UnityEngine.Debug:LogError (object)
UnityEditor.EditorAssemblies:ProcessInitializeOnLoadMethodAttributes ()

Mono: successfully reloaded assembly
[Package Manager] Server::EnsureServerProcessIsRunning -- launch failed, reason: Unity was launched with the -noUpm command-line argument
[Package Manager] UpmClient::Send -- Unable to send message (not connected to UPM process).
[Package Manager] Cannot connect to Unity Package Manager local server
[Package Manager] Server::EnsureServerProcessIsRunning -- launch failed, reason: Unity was launched with the -noUpm command-line argument
[Package Manager] UpmClient::Send -- Unable to send message (not connected to UPM process).
[Package Manager] Cannot connect to Unity Package Manager local server
- Finished resetting the current domain, in  4.808 seconds
Domain Reload Profiling: 6059ms
	BeginReloadAssembly (154ms)
		ExecutionOrderSort (0ms)
		DisableScriptedObjects (5ms)
		BackupInstance (0ms)
		ReleaseScriptingObjects (0ms)
		CreateAndSetChildDomain (22ms)
	RebuildCommonClasses (32ms)
	RebuildNativeTypeToScriptingClass (11ms)
	initialDomainReloadingComplete (34ms)
	LoadAllAssembliesAndSetupDomain (1020ms)
		LoadAssemblies (671ms)
		RebuildTransferFunctionScriptingTraits (0ms)
		AnalyzeDomain (440ms)
			TypeCache.Refresh (360ms)
				TypeCache.ScanAssembly (331ms)
			ScanForSourceGeneratedMonoScriptInfo (53ms)
			ResolveRequiredComponents (25ms)
	FinalizeReload (4808ms)
		ReleaseScriptCaches (0ms)
		RebuildScriptCaches (0ms)
		SetupLoadedEditorAssemblies (4513ms)
			LogAssemblyErrors (0ms)
			InitializePlatformSupportModulesInManaged (5ms)
			SetLoadedEditorAssemblies (5ms)
			RefreshPlugins (0ms)
			BeforeProcessingInitializeOnLoad (127ms)
			ProcessInitializeOnLoadAttributes (4288ms)
			ProcessInitializeOnLoadMethodAttributes (84ms)
			AfterProcessingInitializeOnLoad (5ms)
			EditorAssembliesLoaded (0ms)
		ExecutionOrderSort2 (0ms)
		AwakeInstancesAfterBackupRestoration (4ms)
Shader 'Oculus/OVRMRCameraFrameLit': fallback shader 'Alpha-Diffuse' not found
Shader 'Meta/MRUK/Scene/HighlightsAndShadows': fallback shader 'Off' not found
Launched and connected shader compiler UnityShaderCompiler.exe after 0.05 seconds
Refreshing native plugins compatible for Editor in 18.94 ms, found 12 plugins.
Preloading 3 native plugins for Editor in 0.11 ms.
Unloading 9884 Unused Serialized files (Serialized files now loaded: 0)
Unloading 211 unused Assets / (0.5 MB). Loaded Objects now: 10261.
Memory consumption went from 366.8 MB to 366.3 MB.
Total: 23.401800 ms (FindLiveObjects: 1.368000 ms CreateObjectMapping: 0.743800 ms MarkObjects: 20.156200 ms  DeleteObjects: 1.132000 ms)

AssetImportParameters requested are different than current active one (requested -> active):
  custom:container-demuxer-ogg: 62fdf1f143b41e24485cea50d1cbac27 -> 
  custom:framework-win-MediaFoundation: 216162199b28c13a410421893ffa2e32 -> 
  custom:container-muxer-webm: aa71ff27fc2769a1b78a27578f13a17b -> 
  custom:video-decoder-webm-vp8: 9c59270c3fd7afecdb556c50c9e8de78 -> 
  custom:SearchIndexIgnoredProperties: e643bd26f0fe6173181afceb89e7c659 -> 
  custom:AudioImporter_EditorPlatform: d09bf68614088b80899f8185d706f6e7 -> 
  custom:audio-decoder-ogg-vorbis: bf7c407c2cedff20999df2af8eb42d56 -> 
  custom:audio-encoder-webm-vorbis: bf7c407c2cedff20999df2af8eb42d56 -> 
  custom:video-decoder-ogg-theora: a1e56fd34408186e4bbccfd4996cb3dc -> 
  custom:CustomObjectIndexerAttribute: 72b91833f83ae208fae7752999fa3104 -> 
  custom:container-demuxer-webm: 4f35f7cbe854078d1ac9338744f61a02 -> 
  custom:video-encoder-webm-vp8: eb34c28f22e8b96e1ab97ce403110664 -> 
========================================================================
Received Import Request.
  Time since last request: 940096.279368 seconds.
  path: Assets/Resources/Students/Ninho/Student/Ropa&Cuerpo/AfroGirlHead.fbx
  artifactKey: Guid(4f7f901f851da7f42988ffdbfcbbb2f3) Importer(815301076,1909f56bfc062723c751e8b465ee728b)
Start importing Assets/Resources/Students/Ninho/Student/Ropa&Cuerpo/AfroGirlHead.fbx using Guid(4f7f901f851da7f42988ffdbfcbbb2f3) Importer(815301076,1909f56bfc062723c751e8b465ee728b)  -> (artifact id: '42afbfcecd190bb396e1817cf7bed2d9') in 0.473580 seconds
Number of updated asset objects reloaded before import = 0
Number of asset objects unloaded after import = 182
========================================================================
Received Import Request.
  Time since last request: 43.836458 seconds.
  path: Assets/Resources/Students/Ninho/Student/Ropa&Cuerpo/AsianBoyHead2.fbx
  artifactKey: Guid(10a9e11410d00da48ac064b940cad715) Importer(815301076,1909f56bfc062723c751e8b465ee728b)
Start importing Assets/Resources/Students/Ninho/Student/Ropa&Cuerpo/AsianBoyHead2.fbx using Guid(10a9e11410d00da48ac064b940cad715) Importer(815301076,1909f56bfc062723c751e8b465ee728b)  -> (artifact id: 'ef010b1b4c5971a60beaabdfeeb28a88') in 0.072857 seconds
Number of updated asset objects reloaded before import = 0
Number of asset objects unloaded after import = 182
========================================================================
Received Import Request.
  Time since last request: 30.065083 seconds.
  path: Assets/Resources/Students/Ninho/Student/Ropa&Cuerpo/AsianBoyHead2.fbx
  artifactKey: Guid(10a9e11410d00da48ac064b940cad715) Importer(815301076,1909f56bfc062723c751e8b465ee728b)
Start importing Assets/Resources/Students/Ninho/Student/Ropa&Cuerpo/AsianBoyHead2.fbx using Guid(10a9e11410d00da48ac064b940cad715) Importer(815301076,1909f56bfc062723c751e8b465ee728b)  -> (artifact id: 'edfb8878cb4d25ebc1806af65ef55102') in 0.048168 seconds
Number of updated asset objects reloaded before import = 0
Number of asset objects unloaded after import = 182
========================================================================
Received Import Request.
  Time since last request: 722.901749 seconds.
  path: Assets/Resources/Students/Ninho/Student/Ropa&Cuerpo/AfroBoyHead2.fbx
  artifactKey: Guid(b826f1dc87944fe4f9966883fa7d501e) Importer(815301076,1909f56bfc062723c751e8b465ee728b)
Start importing Assets/Resources/Students/Ninho/Student/Ropa&Cuerpo/AfroBoyHead2.fbx using Guid(b826f1dc87944fe4f9966883fa7d501e) Importer(815301076,1909f56bfc062723c751e8b465ee728b)  -> (artifact id: '0624be90af1dafbb934dfb1b2757097e') in 0.055468 seconds
Number of updated asset objects reloaded before import = 0
Number of asset objects unloaded after import = 182
========================================================================
Received Import Request.
  Time since last request: 37.097813 seconds.
  path: Assets/Resources/Students/Ninho/Student/Ropa&Cuerpo/AfroShortHair1.fbx
  artifactKey: Guid(883daaa81faad1944b77b5e1073f9fa7) Importer(815301076,1909f56bfc062723c751e8b465ee728b)
Start importing Assets/Resources/Students/Ninho/Student/Ropa&Cuerpo/AfroShortHair1.fbx using Guid(883daaa81faad1944b77b5e1073f9fa7) Importer(815301076,1909f56bfc062723c751e8b465ee728b)  -> (artifact id: '6cbe6e7a5c52b74fb19a91aa128f1944') in 0.036776 seconds
Number of updated asset objects reloaded before import = 0
Number of asset objects unloaded after import = 180
========================================================================
Received Import Request.
  Time since last request: 5.816290 seconds.
  path: Assets/Resources/Students/Ninho/Student/Ropa&Cuerpo/ShortHair1.fbx
  artifactKey: Guid(94a97da0c4b7ed749b88a13c3fd3bf73) Importer(815301076,1909f56bfc062723c751e8b465ee728b)
Start importing Assets/Resources/Students/Ninho/Student/Ropa&Cuerpo/ShortHair1.fbx using Guid(94a97da0c4b7ed749b88a13c3fd3bf73) Importer(815301076,1909f56bfc062723c751e8b465ee728b)  -> (artifact id: '389626308e7a6b7b0331dd03b9c05a2f') in 0.035241 seconds
Number of updated asset objects reloaded before import = 0
Number of asset objects unloaded after import = 180
========================================================================
Received Import Request.
  Time since last request: 393.145454 seconds.
  path: Assets/Resources/Students/Ninho/Student/Ropa&Cuerpo/AfroShortHair1.fbx
  artifactKey: Guid(883daaa81faad1944b77b5e1073f9fa7) Importer(815301076,1909f56bfc062723c751e8b465ee728b)
Start importing Assets/Resources/Students/Ninho/Student/Ropa&Cuerpo/AfroShortHair1.fbx using Guid(883daaa81faad1944b77b5e1073f9fa7) Importer(815301076,1909f56bfc062723c751e8b465ee728b)  -> (artifact id: '5900f029abd0fdc2fe34ede443552e00') in 0.059306 seconds
Number of updated asset objects reloaded before import = 0
Number of asset objects unloaded after import = 180
========================================================================
Received Import Request.
  Time since last request: 4.386815 seconds.
  path: Assets/Resources/Students/Ninho/Student/Ropa&Cuerpo/AfroBoyHead2.fbx
  artifactKey: Guid(b826f1dc87944fe4f9966883fa7d501e) Importer(815301076,1909f56bfc062723c751e8b465ee728b)
Start importing Assets/Resources/Students/Ninho/Student/Ropa&Cuerpo/AfroBoyHead2.fbx using Guid(b826f1dc87944fe4f9966883fa7d501e) Importer(815301076,1909f56bfc062723c751e8b465ee728b)  -> (artifact id: '9edd219da87fc03c0c667fe03cb7ec4b') in 0.053080 seconds
Number of updated asset objects reloaded before import = 0
Number of asset objects unloaded after import = 182
========================================================================
Received Import Request.
  Time since last request: 205.413663 seconds.
  path: Assets/Resources/Students/Ninho/Student/Ropa&Cuerpo/HairStyle_MediumStraightHair.fbx
  artifactKey: Guid(bc2f517c24a44a34b92b8d83dda3baf4) Importer(815301076,1909f56bfc062723c751e8b465ee728b)
Start importing Assets/Resources/Students/Ninho/Student/Ropa&Cuerpo/HairStyle_MediumStraightHair.fbx using Guid(bc2f517c24a44a34b92b8d83dda3baf4) Importer(815301076,1909f56bfc062723c751e8b465ee728b)  -> (artifact id: 'a4e87dce0211d0b67ce0aacff7250373') in 0.055109 seconds
Number of updated asset objects reloaded before import = 0
Number of asset objects unloaded after import = 180
========================================================================
Received Import Request.
  Time since last request: 458.362560 seconds.
  path: Assets/Resources/Students/Ninho/Student/Ropa&Cuerpo/AfroGirlHead.fbx
  artifactKey: Guid(4f7f901f851da7f42988ffdbfcbbb2f3) Importer(815301076,1909f56bfc062723c751e8b465ee728b)
Start importing Assets/Resources/Students/Ninho/Student/Ropa&Cuerpo/AfroGirlHead.fbx using Guid(4f7f901f851da7f42988ffdbfcbbb2f3) Importer(815301076,1909f56bfc062723c751e8b465ee728b)  -> (artifact id: '5e524d34c3ff1494d056967e414ed31c') in 0.130656 seconds
Number of updated asset objects reloaded before import = 0
Number of asset objects unloaded after import = 182
========================================================================
Received Import Request.
  Time since last request: 100.187215 seconds.
  path: Assets/Resources/Students/Ninho/Student/Ropa&Cuerpo/New Material.mat
  artifactKey: Guid(652398b09351a38499ea6bdfb4e17ce9) Importer(815301076,1909f56bfc062723c751e8b465ee728b)
Start importing Assets/Resources/Students/Ninho/Student/Ropa&Cuerpo/New Material.mat using Guid(652398b09351a38499ea6bdfb4e17ce9) Importer(815301076,1909f56bfc062723c751e8b465ee728b)  -> (artifact id: '6b61156946a3e5a1062b4e42a06187dd') in 0.081171 seconds
Number of updated asset objects reloaded before import = 0
Number of asset objects unloaded after import = 5
========================================================================
Received Import Request.
  Time since last request: 0.000040 seconds.
  path: Assets/Resources/Students/Ninho/Student/Ropa&Cuerpo/New Material 7.mat
  artifactKey: Guid(b6f14908298b0ed439808568ab19822d) Importer(815301076,1909f56bfc062723c751e8b465ee728b)
Start importing Assets/Resources/Students/Ninho/Student/Ropa&Cuerpo/New Material 7.mat using Guid(b6f14908298b0ed439808568ab19822d) Importer(815301076,1909f56bfc062723c751e8b465ee728b)  -> (artifact id: '681668fe34c4419b3af06ad64846e904') in 0.008925 seconds
Number of updated asset objects reloaded before import = 0
Number of asset objects unloaded after import = 2
========================================================================
Received Import Request.
  Time since last request: 0.000034 seconds.
  path: Assets/Resources/Students/Ninho/Student/Ropa&Cuerpo/New Material 3.mat
  artifactKey: Guid(b4d8a690e96e77842b3ddcbd1b22e62a) Importer(815301076,1909f56bfc062723c751e8b465ee728b)
Start importing Assets/Resources/Students/Ninho/Student/Ropa&Cuerpo/New Material 3.mat using Guid(b4d8a690e96e77842b3ddcbd1b22e62a) Importer(815301076,1909f56bfc062723c751e8b465ee728b)  -> (artifact id: 'f6afb6754eceba3ac502a2665482fee8') in 0.025458 seconds
Number of updated asset objects reloaded before import = 0
Number of asset objects unloaded after import = 5
========================================================================
Received Import Request.
  Time since last request: 0.000353 seconds.
  path: Assets/Resources/Students/Ninho/Student/Ropa&Cuerpo/New Material 4.mat
  artifactKey: Guid(c0dfa6807c8c41f448733b2214dc1a33) Importer(815301076,1909f56bfc062723c751e8b465ee728b)
Start importing Assets/Resources/Students/Ninho/Student/Ropa&Cuerpo/New Material 4.mat using Guid(c0dfa6807c8c41f448733b2214dc1a33) Importer(815301076,1909f56bfc062723c751e8b465ee728b)  -> (artifact id: '2ac4693cedc2a5205daba0f9a0db0450') in 0.019631 seconds
Number of updated asset objects reloaded before import = 0
Number of asset objects unloaded after import = 3
Editor requested this worker to shutdown with reason: Scaling down because of idle timeout
TcpMessagingSession - receive error: operation aborted. errorcode: 995, details: La operación de E/S se anuló por una salida de subproceso o por una solicitud de aplicación.
AssetImportWorker is now disconnected from the server
Process exiting
Exiting without the bug reporter. Application will terminate with return code 0